[36mvite v5.4.21 [32mbuilding for production...[36m[39m
transforming...
[32mΓ£ô[39m 1480 modules transformed.
node : [1m[33m[plugin:vite:reporter][39m[22m [33m[plugin vite:reporter] 
At line:1 char:39
+ ... frontend" ; node node_modules/vite/bin/vite.js build > build_output.t ...
+                 ~~~~~~~~~~~~~~~~~~~~~~~~~~~~~~~~~~~~~~~~~~~~~~~~~~~~~~~~~
    + CategoryInfo          : NotSpecified: ([1m[33m[plugi...vite:reporter]  
   :String) [], RemoteException
    + FullyQualifiedErrorId : NativeCommandError
 
(!) D:/Accounting project/frontend/src/services/api.js is dynamically imported 
by D:/Accounting project/frontend/src/components/InviteModal.jsx, 
D:/Accounting project/frontend/src/components/InviteModal.jsx, D:/Accounting 
project/frontend/src/components/settings/SettingsScreen.jsx, D:/Accounting 
project/frontend/src/components/settings/SettingsScreen.jsx, D:/Accounting 
project/frontend/src/components/settings/SettingsScreen.jsx, D:/Accounting 
project/frontend/src/components/settings/SettingsScreen.jsx, D:/Accounting 
project/frontend/src/components/settings/SettingsScreen.jsx but also 
statically imported by D:/Accounting project/frontend/src/App.jsx, 
D:/Accounting project/frontend/src/components/ExpenseDetailModal.jsx, 
D:/Accounting project/frontend/src/components/InviteModal.jsx, D:/Accounting 
project/frontend/src/components/LinkParentModal.jsx, D:/Accounting 
project/frontend/src/components/OwnershipCorrectionModal.jsx, D:/Accounting 
project/frontend/src/components/PasswordGate.jsx, D:/Accounting 
project/frontend/src/components/PhotoUploadModal.jsx, D:/Accounting 
project/frontend/src/components/TransferOwnershipModal.jsx, D:/Accounting 
project/frontend/src/components/schedule/AssignMemberModal.jsx, D:/Accounting 
project/frontend/src/components/schedule/CreateShiftModal.jsx, D:/Accounting 
project/frontend/src/components/schedule/FullScheduleGrid.jsx, D:/Accounting 
project/frontend/src/components/schedule/TimeOffManager.jsx, D:/Accounting 
project/frontend/src/components/settings/SettingsScreen.jsx, D:/Accounting 
project/frontend/src/context/AccountContext.jsx, D:/Accounting 
project/frontend/src/context/AuthContext.jsx, D:/Accounting 
project/frontend/src/hooks/useSubscription.js, dynamic import will not move 
module into another chunk.
[39m
rendering chunks...
computing gzip size...
[2mdist/[22m[32mindex.html                 [39m[1m[2m  0.47 kB[22m[1m[22m[2m Γöé gzip:   0.30 kB[22m
[2mdist/[22m[35massets/index-Bl67aPog.css  [39m[1m[2m108.81 kB[22m[1m[22m[2m Γöé gzip:  16.41 kB[22m
[2mdist/[22m[36massets/index-B6lzoG5p.js   [39m[1m[33m614.50 kB[39m[22m[2m Γöé gzip: 149.84 kB[22m
[33m
(!) Some chunks are larger than 500 kB after minification. Consider:
- Using dynamic import() to code-split the application
- Use build.rollupOptions.output.manualChunks to improve chunking: 
https://rollupjs.org/configuration-options/#output-manualchunks
- Adjust chunk size limit for this warning via 
build.chunkSizeWarningLimit.[39m
[32mΓ£ô built in 12.21s[39m
